// Jest Snapshot v1, https://goo.gl/fbAQLP

exports[`Pruebas en <CounterAPP/> Debe coincidir el Snapshot 1`] = `
<div>
  <h1>
    CounterApp
  </h1>
  <h2>
     
    100
     
  </h2>
  <button
    id="+1"
  >
     +1 
  </button>
  <button>
     -1 
  </button>
  <button
    aria-label="btn-reset"
  >
     Reset 
  </button>
</div>
`;
